// Jest Snapshot v1, https://goo.gl/fbAQLP

exports[`Film Component matches the snapshot 1`] = `ReactWrapper {}`;
