// Jest Snapshot v1, https://goo.gl/fbAQLP

exports[`FilmList Container matches the snapshot 1`] = `
<div
  className="text-center film-list-container container"
>
  <div
    className="row film-list-header"
  >
    <div
      className="col-3"
    >
      <span>
        Nome
      </span>
    </div>
    <div
      className="col-3"
    >
      <span>
        Diretor
      </span>
    </div>
    <div
      className="col-3"
    >
      <span>
        Data de lan√ßamento
      </span>
    </div>
    <div
      className="col-3"
    >
      <span>
        Detalhes
      </span>
    </div>
  </div>
  <div>
    <p
      className="text-3 text-color-primary my-0 pt-1"
    >
      Carregando...
    </p>
  </div>
</div>
`;
